// Jest Snapshot v1, https://goo.gl/fbAQLP

exports[`aggregates correctly 1`] = `
<section
  className="section c-future"
  style={Object {}}
>
  <h1
    className="title is-3"
  >
    Gemeinsame Tätigkeiten
  </h1>
  <div
    className="box c-activities next"
    style={Object {}}
  >
    <h1
      className="title is-6"
    >
      Geplante Tätigkeiten
    </h1>
    <ul>
      <li>
        <div
          contentEditable={false}
          dangerouslySetInnerHTML={
            Object {
              "__html": "planned 1",
            }
          }
          onBlur={[Function]}
        />
        <span>
           (
          <span>
            
            <a
              className="c-user"
              href="/direct/user1"
              rel="noopener noreferrer"
              target="_blank"
            >
              @user1
            </a>
          </span>
          <span>
            , 
            <a
              className="c-user"
              href="/direct/user2"
              rel="noopener noreferrer"
              target="_blank"
            >
              @user2
            </a>
          </span>
          )
        </span>
      </li>
    </ul>
  </div>
</section>
`;

exports[`renders a placeholder if nothing's planned 1`] = `null`;

exports[`renders correctly 1`] = `null`;
